
===========================================================================
 report_power
============================================================================
======================= nom_tt_025C_1v80 Corner ===================================

Group                    Internal    Switching      Leakage        Total
                            Power        Power        Power        Power (Watts)
------------------------------------------------------------------------
Sequential           2.693359e-04 6.419640e-06 5.305684e-10 2.757560e-04  41.1%
Combinational        2.732976e-05 2.350571e-05 1.300658e-09 5.083677e-05   7.6%
Clock                2.341121e-04 1.098392e-04 5.627682e-09 3.439569e-04  51.3%
Macro                0.000000e+00 0.000000e+00 0.000000e+00 0.000000e+00   0.0%
Pad                  0.000000e+00 0.000000e+00 0.000000e+00 0.000000e+00   0.0%
------------------------------------------------------------------------
Total                5.307778e-04 1.397645e-04 7.458900e-09 6.705498e-04 100.0%
                            79.2%        20.8%         0.0%

